Enter a series of numbers: Received summation is 303
